// Jest Snapshot v1, https://goo.gl/fbAQLP

exports[`renders all together 1`] = `
.c4 {
  vertical-align: middle;
  height: 1.5rem;
  width: 1.5rem;
}

.c2 {
  -webkit-transition: all 150ms ease-out;
  transition: all 150ms ease-out;
  -webkit-transition-property: border,box-shadow;
  transition-property: border,box-shadow;
  -webkit-align-items: center;
  -webkit-box-align: center;
  -ms-flex-align: center;
  align-items: center;
  background-color: #FFFFFF;
  border-radius: 0.25rem;
  box-sizing: border-box;
  display: -webkit-box;
  display: -webkit-flex;
  display: -ms-flexbox;
  display: flex;
  min-height: 2.25rem;
  position: relative;
  width: 100%;
  border: 1px solid #D9DCE9;
}

.c2:hover:not([disabled]) {
  border: 1px solid #B4BAD1;
}

.c2[disabled] {
  background-color: #ECEEF5;
}

.c6 {
  background-color: inherit;
  border: 0;
  box-sizing: border-box;
  color: #313440;
  -webkit-flex: 1 1 40%;
  -ms-flex: 1 1 40%;
  flex: 1 1 40%;
  height: 100%;
  padding: 0;
  padding-left: 0.5rem;
  width: 100%;
  padding-right: 2.25rem;
  padding-left: 2.25rem;
  min-height: 2.125rem;
}

.c6:focus {
  outline: none;
}

.c6::-webkit-input-placeholder {
  color: #B4BAD1;
  font-size: 1rem;
}

.c6::-moz-placeholder {
  color: #B4BAD1;
  font-size: 1rem;
}

.c6:-ms-input-placeholder {
  color: #B4BAD1;
  font-size: 1rem;
}

.c6::placeholder {
  color: #B4BAD1;
  font-size: 1rem;
}

.c6:-webkit-autofill {
  background-color: #F0F3FF !important;
  -webkit-box-shadow: 0 0 0px 1000px #F0F3FF inset;
}

.c6[disabled] {
  background-color: #ECEEF5;
}

.c3 {
  -webkit-align-items: center;
  -webkit-box-align: center;
  -ms-flex-align: center;
  align-items: center;
  color: #5E637A;
  display: -webkit-box;
  display: -webkit-flex;
  display: -ms-flexbox;
  display: flex;
  height: 100%;
  position: absolute;
  top: 0;
  padding-right: 0.25rem;
  padding-left: 0.5rem;
  left: 0;
}

.c7 {
  -webkit-align-items: center;
  -webkit-box-align: center;
  -ms-flex-align: center;
  align-items: center;
  color: #5E637A;
  display: -webkit-box;
  display: -webkit-flex;
  display: -ms-flexbox;
  display: flex;
  height: 100%;
  position: absolute;
  top: 0;
  padding-right: 0.5rem;
  padding-left: 0.25rem;
  right: 0;
}

.c5 {
  -webkit-align-items: center;
  -webkit-box-align: center;
  -ms-flex-align: center;
  align-items: center;
  box-sizing: border-box;
  display: -webkit-box;
  display: -webkit-flex;
  display: -ms-flexbox;
  display: flex;
  -webkit-flex-wrap: wrap;
  -ms-flex-wrap: wrap;
  flex-wrap: wrap;
  -webkit-flex: 1;
  -ms-flex: 1;
  flex: 1;
  height: 100%;
}

.c1 {
  color: #313440;
  margin: 0 0 1rem;
  color: #5E637A;
  font-size: 0.875rem;
  font-weight: 400;
  line-height: 1.25rem;
  margin: 0 0 0.75rem;
}

.c1:last-child {
  margin-bottom: 0;
}

.c0 {
  color: #313440;
  margin: 0 0 1rem;
  font-size: 1rem;
  font-weight: 600;
  line-height: 1.5rem;
  margin: 0 0 0.5rem;
  cursor: pointer;
  display: inline-block;
  margin-bottom: 0.25rem;
}

.c0::after {
  color: #5E637A;
  content: ' (optional)';
  font-weight: 400;
}

<div>
  <label
    class="c0"
    for="bd-input-1"
  >
    This is a label
  </label>
  <p
    class="c1"
  >
    This is a description
  </p>
  <span
    class="c2"
  >
    <div
      class="c3"
    >
      <svg
        aria-labelledby="bd-icon-2"
        class="c4"
        data-testid="icon-left"
        fill="currentColor"
        height="24"
        stroke="currentColor"
        stroke-width="0"
        viewBox="0 0 24 24"
        width="24"
      >
        <path
          d="M0 0h24v24H0V0z"
          fill="none"
        />
        <path
          d="M18 13h-5v5c0 .55-.45 1-1 1s-1-.45-1-1v-5H6c-.55 0-1-.45-1-1s.45-1 1-1h5V6c0-.55.45-1 1-1s1 .45 1 1v5h5c.55 0 1 .45 1 1s-.45 1-1 1z"
        />
      </svg>
    </div>
    <div
      class="c5"
    >
      <input
        class="c6"
        id="bd-input-1"
      />
    </div>
    <div
      class="c7"
    >
      <svg
        aria-labelledby="bd-icon-3"
        class="c4"
        data-testid="icon-right"
        fill="currentColor"
        height="24"
        stroke="currentColor"
        stroke-width="0"
        viewBox="0 0 24 24"
        width="24"
      >
        <path
          d="M0 0h24v24H0V0z"
          fill="none"
        />
        <path
          d="M18 13h-5v5c0 .55-.45 1-1 1s-1-.45-1-1v-5H6c-.55 0-1-.45-1-1s.45-1 1-1h5V6c0-.55.45-1 1-1s1 .45 1 1v5h5c.55 0 1 .45 1 1s-.45 1-1 1z"
        />
      </svg>
    </div>
  </span>
</div>
`;
